// Jest Snapshot v1, https://goo.gl/fbAQLP

exports[`HomeFeaturePanel matches snapshot 1`] = `
<div
  className=""
>
  <div />
</div>
`;
